------------------------------------------------------------
Timing Analyzer Summary
------------------------------------------------------------

Type  : Slow 1200mV 85C Model Setup 'cfreq[0]'
Slack : -1.793
TNS   : -31.000

Type  : Slow 1200mV 85C Model Setup 'clk'
Slack : -0.852
TNS   : -0.852

Type  : Slow 1200mV 85C Model Hold 'cfreq[0]'
Slack : 0.642
TNS   : 0.000

Type  : Slow 1200mV 85C Model Hold 'clk'
Slack : 0.650
TNS   : 0.000

Type  : Slow 1200mV 85C Model Minimum Pulse Width 'clk'
Slack : -3.000
TNS   : -4.487

Type  : Slow 1200mV 85C Model Minimum Pulse Width 'cfreq[0]'
Slack : -1.487
TNS   : -28.253

Type  : Slow 1200mV 0C Model Setup 'cfreq[0]'
Slack : -1.556
TNS   : -27.169

Type  : Slow 1200mV 0C Model Setup 'clk'
Slack : -0.747
TNS   : -0.747

Type  : Slow 1200mV 0C Model Hold 'cfreq[0]'
Slack : 0.579
TNS   : 0.000

Type  : Slow 1200mV 0C Model Hold 'clk'
Slack : 0.592
TNS   : 0.000

Type  : Slow 1200mV 0C Model Minimum Pulse Width 'clk'
Slack : -3.000
TNS   : -4.487

Type  : Slow 1200mV 0C Model Minimum Pulse Width 'cfreq[0]'
Slack : -1.487
TNS   : -28.253

Type  : Fast 1200mV 0C Model Setup 'cfreq[0]'
Slack : -0.194
TNS   : -2.580

Type  : Fast 1200mV 0C Model Setup 'clk'
Slack : -0.028
TNS   : -0.028

Type  : Fast 1200mV 0C Model Hold 'clk'
Slack : 0.211
TNS   : 0.000

Type  : Fast 1200mV 0C Model Hold 'cfreq[0]'
Slack : 0.265
TNS   : 0.000

Type  : Fast 1200mV 0C Model Minimum Pulse Width 'clk'
Slack : -3.000
TNS   : -4.047

Type  : Fast 1200mV 0C Model Minimum Pulse Width 'cfreq[0]'
Slack : -1.000
TNS   : -19.000

------------------------------------------------------------
