------------------------------------------------------------
Timing Analyzer Summary
------------------------------------------------------------

Type  : Slow 1200mV 85C Model Setup 'clk'
Slack : -2.229
TNS   : -28.457

Type  : Slow 1200mV 85C Model Setup 'test_VGA:VGA|cfreq[0]'
Slack : -2.157
TNS   : -43.824

Type  : Slow 1200mV 85C Model Setup 'Display:display|cfreq[16]'
Slack : -0.593
TNS   : -3.323

Type  : Slow 1200mV 85C Model Setup 'Teclado:teclado|opr'
Slack : -0.298
TNS   : -0.298

Type  : Slow 1200mV 85C Model Hold 'Display:display|cfreq[16]'
Slack : 0.452
TNS   : 0.000

Type  : Slow 1200mV 85C Model Hold 'Teclado:teclado|opr'
Slack : 0.453
TNS   : 0.000

Type  : Slow 1200mV 85C Model Hold 'clk'
Slack : 0.464
TNS   : 0.000

Type  : Slow 1200mV 85C Model Hold 'test_VGA:VGA|cfreq[0]'
Slack : 0.709
TNS   : 0.000

Type  : Slow 1200mV 85C Model Minimum Pulse Width 'clk'
Slack : -3.000
TNS   : -37.201

Type  : Slow 1200mV 85C Model Minimum Pulse Width 'test_VGA:VGA|cfreq[0]'
Slack : -1.487
TNS   : -32.714

Type  : Slow 1200mV 85C Model Minimum Pulse Width 'Display:display|cfreq[16]'
Slack : -1.487
TNS   : -13.383

Type  : Slow 1200mV 85C Model Minimum Pulse Width 'Teclado:teclado|opr'
Slack : -1.487
TNS   : -8.922

Type  : Slow 1200mV 0C Model Setup 'test_VGA:VGA|cfreq[0]'
Slack : -1.999
TNS   : -39.092

Type  : Slow 1200mV 0C Model Setup 'clk'
Slack : -1.919
TNS   : -24.106

Type  : Slow 1200mV 0C Model Setup 'Display:display|cfreq[16]'
Slack : -0.502
TNS   : -2.418

Type  : Slow 1200mV 0C Model Setup 'Teclado:teclado|opr'
Slack : -0.169
TNS   : -0.169

Type  : Slow 1200mV 0C Model Hold 'Display:display|cfreq[16]'
Slack : 0.401
TNS   : 0.000

Type  : Slow 1200mV 0C Model Hold 'Teclado:teclado|opr'
Slack : 0.402
TNS   : 0.000

Type  : Slow 1200mV 0C Model Hold 'clk'
Slack : 0.416
TNS   : 0.000

Type  : Slow 1200mV 0C Model Hold 'test_VGA:VGA|cfreq[0]'
Slack : 0.637
TNS   : 0.000

Type  : Slow 1200mV 0C Model Minimum Pulse Width 'clk'
Slack : -3.000
TNS   : -37.201

Type  : Slow 1200mV 0C Model Minimum Pulse Width 'test_VGA:VGA|cfreq[0]'
Slack : -1.487
TNS   : -32.714

Type  : Slow 1200mV 0C Model Minimum Pulse Width 'Display:display|cfreq[16]'
Slack : -1.487
TNS   : -13.383

Type  : Slow 1200mV 0C Model Minimum Pulse Width 'Teclado:teclado|opr'
Slack : -1.487
TNS   : -8.922

Type  : Fast 1200mV 0C Model Setup 'clk'
Slack : -0.540
TNS   : -2.607

Type  : Fast 1200mV 0C Model Setup 'test_VGA:VGA|cfreq[0]'
Slack : -0.367
TNS   : -6.112

Type  : Fast 1200mV 0C Model Setup 'Display:display|cfreq[16]'
Slack : 0.306
TNS   : 0.000

Type  : Fast 1200mV 0C Model Setup 'Teclado:teclado|opr'
Slack : 0.431
TNS   : 0.000

Type  : Fast 1200mV 0C Model Hold 'Display:display|cfreq[16]'
Slack : 0.186
TNS   : 0.000

Type  : Fast 1200mV 0C Model Hold 'Teclado:teclado|opr'
Slack : 0.186
TNS   : 0.000

Type  : Fast 1200mV 0C Model Hold 'clk'
Slack : 0.193
TNS   : 0.000

Type  : Fast 1200mV 0C Model Hold 'test_VGA:VGA|cfreq[0]'
Slack : 0.273
TNS   : 0.000

Type  : Fast 1200mV 0C Model Minimum Pulse Width 'clk'
Slack : -3.000
TNS   : -27.474

Type  : Fast 1200mV 0C Model Minimum Pulse Width 'test_VGA:VGA|cfreq[0]'
Slack : -1.000
TNS   : -22.000

Type  : Fast 1200mV 0C Model Minimum Pulse Width 'Display:display|cfreq[16]'
Slack : -1.000
TNS   : -9.000

Type  : Fast 1200mV 0C Model Minimum Pulse Width 'Teclado:teclado|opr'
Slack : -1.000
TNS   : -6.000

------------------------------------------------------------
