------------------------------------------------------------
Timing Analyzer Summary
------------------------------------------------------------

Type  : Slow 1200mV 85C Model Setup 'Teclado:teclado|opr1'
Slack : -5.575
TNS   : -240.430

Type  : Slow 1200mV 85C Model Setup 'test_VGA:VGA|cfreq[0]'
Slack : -5.123
TNS   : -61.504

Type  : Slow 1200mV 85C Model Setup 'Display:display|cfreq[0]'
Slack : -4.806
TNS   : -63.450

Type  : Slow 1200mV 85C Model Setup 'Display:display|cfreq[16]'
Slack : -4.544
TNS   : -19.120

Type  : Slow 1200mV 85C Model Setup 'clk'
Slack : -3.197
TNS   : -56.265

Type  : Slow 1200mV 85C Model Setup 'Teclado:teclado|cfreq[16]'
Slack : -2.688
TNS   : -17.055

Type  : Slow 1200mV 85C Model Hold 'Display:display|cfreq[16]'
Slack : 0.452
TNS   : 0.000

Type  : Slow 1200mV 85C Model Hold 'Teclado:teclado|cfreq[16]'
Slack : 0.453
TNS   : 0.000

Type  : Slow 1200mV 85C Model Hold 'test_VGA:VGA|cfreq[0]'
Slack : 0.515
TNS   : 0.000

Type  : Slow 1200mV 85C Model Hold 'Teclado:teclado|opr1'
Slack : 0.744
TNS   : 0.000

Type  : Slow 1200mV 85C Model Hold 'clk'
Slack : 0.762
TNS   : 0.000

Type  : Slow 1200mV 85C Model Hold 'Display:display|cfreq[0]'
Slack : 0.834
TNS   : 0.000

Type  : Slow 1200mV 85C Model Recovery 'Display:display|cfreq[0]'
Slack : -9.131
TNS   : -105.928

Type  : Slow 1200mV 85C Model Removal 'Display:display|cfreq[0]'
Slack : 1.222
TNS   : 0.000

Type  : Slow 1200mV 85C Model Minimum Pulse Width 'clk'
Slack : -3.000
TNS   : -38.688

Type  : Slow 1200mV 85C Model Minimum Pulse Width 'Teclado:teclado|opr1'
Slack : -1.487
TNS   : -71.376

Type  : Slow 1200mV 85C Model Minimum Pulse Width 'test_VGA:VGA|cfreq[0]'
Slack : -1.487
TNS   : -32.714

Type  : Slow 1200mV 85C Model Minimum Pulse Width 'Teclado:teclado|cfreq[16]'
Slack : -1.487
TNS   : -26.766

Type  : Slow 1200mV 85C Model Minimum Pulse Width 'Display:display|cfreq[16]'
Slack : -1.487
TNS   : -14.870

Type  : Slow 1200mV 85C Model Minimum Pulse Width 'Display:display|cfreq[0]'
Slack : -1.028
TNS   : -28.764

Type  : Slow 1200mV 0C Model Setup 'Teclado:teclado|opr1'
Slack : -5.310
TNS   : -229.091

Type  : Slow 1200mV 0C Model Setup 'test_VGA:VGA|cfreq[0]'
Slack : -4.843
TNS   : -55.948

Type  : Slow 1200mV 0C Model Setup 'Display:display|cfreq[0]'
Slack : -4.264
TNS   : -56.605

Type  : Slow 1200mV 0C Model Setup 'Display:display|cfreq[16]'
Slack : -4.241
TNS   : -17.360

Type  : Slow 1200mV 0C Model Setup 'clk'
Slack : -2.742
TNS   : -48.090

Type  : Slow 1200mV 0C Model Setup 'Teclado:teclado|cfreq[16]'
Slack : -2.488
TNS   : -14.153

Type  : Slow 1200mV 0C Model Hold 'Display:display|cfreq[16]'
Slack : 0.401
TNS   : 0.000

Type  : Slow 1200mV 0C Model Hold 'Teclado:teclado|cfreq[16]'
Slack : 0.401
TNS   : 0.000

Type  : Slow 1200mV 0C Model Hold 'test_VGA:VGA|cfreq[0]'
Slack : 0.475
TNS   : 0.000

Type  : Slow 1200mV 0C Model Hold 'Teclado:teclado|opr1'
Slack : 0.697
TNS   : 0.000

Type  : Slow 1200mV 0C Model Hold 'clk'
Slack : 0.705
TNS   : 0.000

Type  : Slow 1200mV 0C Model Hold 'Display:display|cfreq[0]'
Slack : 0.950
TNS   : 0.000

Type  : Slow 1200mV 0C Model Recovery 'Display:display|cfreq[0]'
Slack : -8.637
TNS   : -99.929

Type  : Slow 1200mV 0C Model Removal 'Display:display|cfreq[0]'
Slack : 1.078
TNS   : 0.000

Type  : Slow 1200mV 0C Model Minimum Pulse Width 'clk'
Slack : -3.000
TNS   : -38.688

Type  : Slow 1200mV 0C Model Minimum Pulse Width 'Teclado:teclado|opr1'
Slack : -1.487
TNS   : -71.376

Type  : Slow 1200mV 0C Model Minimum Pulse Width 'test_VGA:VGA|cfreq[0]'
Slack : -1.487
TNS   : -32.714

Type  : Slow 1200mV 0C Model Minimum Pulse Width 'Teclado:teclado|cfreq[16]'
Slack : -1.487
TNS   : -26.868

Type  : Slow 1200mV 0C Model Minimum Pulse Width 'Display:display|cfreq[16]'
Slack : -1.487
TNS   : -14.870

Type  : Slow 1200mV 0C Model Minimum Pulse Width 'Display:display|cfreq[0]'
Slack : -1.219
TNS   : -25.317

Type  : Fast 1200mV 0C Model Setup 'Display:display|cfreq[0]'
Slack : -1.873
TNS   : -19.733

Type  : Fast 1200mV 0C Model Setup 'Teclado:teclado|opr1'
Slack : -1.750
TNS   : -71.219

Type  : Fast 1200mV 0C Model Setup 'test_VGA:VGA|cfreq[0]'
Slack : -1.657
TNS   : -13.783

Type  : Fast 1200mV 0C Model Setup 'clk'
Slack : -1.461
TNS   : -24.493

Type  : Fast 1200mV 0C Model Setup 'Display:display|cfreq[16]'
Slack : -1.262
TNS   : -4.852

Type  : Fast 1200mV 0C Model Setup 'Teclado:teclado|cfreq[16]'
Slack : -0.668
TNS   : -1.497

Type  : Fast 1200mV 0C Model Hold 'Teclado:teclado|cfreq[16]'
Slack : 0.186
TNS   : 0.000

Type  : Fast 1200mV 0C Model Hold 'Display:display|cfreq[16]'
Slack : 0.187
TNS   : 0.000

Type  : Fast 1200mV 0C Model Hold 'Teclado:teclado|opr1'
Slack : 0.192
TNS   : 0.000

Type  : Fast 1200mV 0C Model Hold 'test_VGA:VGA|cfreq[0]'
Slack : 0.207
TNS   : 0.000

Type  : Fast 1200mV 0C Model Hold 'clk'
Slack : 0.305
TNS   : 0.000

Type  : Fast 1200mV 0C Model Hold 'Display:display|cfreq[0]'
Slack : 0.421
TNS   : 0.000

Type  : Fast 1200mV 0C Model Recovery 'Display:display|cfreq[0]'
Slack : -3.511
TNS   : -40.310

Type  : Fast 1200mV 0C Model Removal 'Display:display|cfreq[0]'
Slack : 0.516
TNS   : 0.000

Type  : Fast 1200mV 0C Model Minimum Pulse Width 'clk'
Slack : -3.000
TNS   : -28.251

Type  : Fast 1200mV 0C Model Minimum Pulse Width 'Teclado:teclado|opr1'
Slack : -1.000
TNS   : -48.000

Type  : Fast 1200mV 0C Model Minimum Pulse Width 'test_VGA:VGA|cfreq[0]'
Slack : -1.000
TNS   : -22.000

Type  : Fast 1200mV 0C Model Minimum Pulse Width 'Teclado:teclado|cfreq[16]'
Slack : -1.000
TNS   : -18.000

Type  : Fast 1200mV 0C Model Minimum Pulse Width 'Display:display|cfreq[16]'
Slack : -1.000
TNS   : -10.000

Type  : Fast 1200mV 0C Model Minimum Pulse Width 'Display:display|cfreq[0]'
Slack : -0.395
TNS   : -5.666

------------------------------------------------------------
