------------------------------------------------------------
Timing Analyzer Summary
------------------------------------------------------------

Type  : Slow 1200mV 85C Model Setup 'Teclado:teclado|opr'
Slack : -6.619
TNS   : -293.556

Type  : Slow 1200mV 85C Model Setup 'test_VGA:VGA|cfreq[0]'
Slack : -3.984
TNS   : -57.874

Type  : Slow 1200mV 85C Model Setup 'clk'
Slack : -2.512
TNS   : -211.450

Type  : Slow 1200mV 85C Model Setup 'Display:display|cfreq[16]'
Slack : -0.577
TNS   : -3.065

Type  : Slow 1200mV 85C Model Hold 'Display:display|cfreq[16]'
Slack : 0.452
TNS   : 0.000

Type  : Slow 1200mV 85C Model Hold 'clk'
Slack : 0.465
TNS   : 0.000

Type  : Slow 1200mV 85C Model Hold 'test_VGA:VGA|cfreq[0]'
Slack : 0.515
TNS   : 0.000

Type  : Slow 1200mV 85C Model Hold 'Teclado:teclado|opr'
Slack : 1.538
TNS   : 0.000

Type  : Slow 1200mV 85C Model Minimum Pulse Width 'clk'
Slack : -3.000
TNS   : -194.823

Type  : Slow 1200mV 85C Model Minimum Pulse Width 'Teclado:teclado|opr'
Slack : -1.487
TNS   : -71.376

Type  : Slow 1200mV 85C Model Minimum Pulse Width 'test_VGA:VGA|cfreq[0]'
Slack : -1.487
TNS   : -32.714

Type  : Slow 1200mV 85C Model Minimum Pulse Width 'Display:display|cfreq[16]'
Slack : -1.487
TNS   : -14.870

Type  : Slow 1200mV 0C Model Setup 'Teclado:teclado|opr'
Slack : -6.220
TNS   : -275.816

Type  : Slow 1200mV 0C Model Setup 'test_VGA:VGA|cfreq[0]'
Slack : -3.797
TNS   : -53.020

Type  : Slow 1200mV 0C Model Setup 'clk'
Slack : -2.262
TNS   : -185.494

Type  : Slow 1200mV 0C Model Setup 'Display:display|cfreq[16]'
Slack : -0.484
TNS   : -2.217

Type  : Slow 1200mV 0C Model Hold 'Display:display|cfreq[16]'
Slack : 0.402
TNS   : 0.000

Type  : Slow 1200mV 0C Model Hold 'clk'
Slack : 0.415
TNS   : 0.000

Type  : Slow 1200mV 0C Model Hold 'test_VGA:VGA|cfreq[0]'
Slack : 0.474
TNS   : 0.000

Type  : Slow 1200mV 0C Model Hold 'Teclado:teclado|opr'
Slack : 1.399
TNS   : 0.000

Type  : Slow 1200mV 0C Model Minimum Pulse Width 'clk'
Slack : -3.000
TNS   : -194.823

Type  : Slow 1200mV 0C Model Minimum Pulse Width 'Teclado:teclado|opr'
Slack : -1.487
TNS   : -71.376

Type  : Slow 1200mV 0C Model Minimum Pulse Width 'test_VGA:VGA|cfreq[0]'
Slack : -1.487
TNS   : -32.714

Type  : Slow 1200mV 0C Model Minimum Pulse Width 'Display:display|cfreq[16]'
Slack : -1.487
TNS   : -14.870

Type  : Fast 1200mV 0C Model Setup 'Teclado:teclado|opr'
Slack : -2.257
TNS   : -97.404

Type  : Fast 1200mV 0C Model Setup 'test_VGA:VGA|cfreq[0]'
Slack : -1.161
TNS   : -11.994

Type  : Fast 1200mV 0C Model Setup 'clk'
Slack : -0.491
TNS   : -25.456

Type  : Fast 1200mV 0C Model Setup 'Display:display|cfreq[16]'
Slack : 0.233
TNS   : 0.000

Type  : Fast 1200mV 0C Model Hold 'Display:display|cfreq[16]'
Slack : 0.187
TNS   : 0.000

Type  : Fast 1200mV 0C Model Hold 'clk'
Slack : 0.193
TNS   : 0.000

Type  : Fast 1200mV 0C Model Hold 'test_VGA:VGA|cfreq[0]'
Slack : 0.207
TNS   : 0.000

Type  : Fast 1200mV 0C Model Hold 'Teclado:teclado|opr'
Slack : 0.611
TNS   : 0.000

Type  : Fast 1200mV 0C Model Minimum Pulse Width 'clk'
Slack : -3.000
TNS   : -140.276

Type  : Fast 1200mV 0C Model Minimum Pulse Width 'Teclado:teclado|opr'
Slack : -1.000
TNS   : -48.000

Type  : Fast 1200mV 0C Model Minimum Pulse Width 'test_VGA:VGA|cfreq[0]'
Slack : -1.000
TNS   : -22.000

Type  : Fast 1200mV 0C Model Minimum Pulse Width 'Display:display|cfreq[16]'
Slack : -1.000
TNS   : -10.000

------------------------------------------------------------
