------------------------------------------------------------
Timing Analyzer Summary
------------------------------------------------------------

Type  : Slow 1200mV 85C Model Setup 'Q_reg[0]'
Slack : -3.866
TNS   : -7.604

Type  : Slow 1200mV 85C Model Setup 'cfreq[2]'
Slack : -1.780
TNS   : -15.017

Type  : Slow 1200mV 85C Model Setup 'clk'
Slack : -1.213
TNS   : -1.562

Type  : Slow 1200mV 85C Model Hold 'clk'
Slack : 0.465
TNS   : 0.000

Type  : Slow 1200mV 85C Model Hold 'Q_reg[0]'
Slack : 0.623
TNS   : 0.000

Type  : Slow 1200mV 85C Model Hold 'cfreq[2]'
Slack : 0.631
TNS   : 0.000

Type  : Slow 1200mV 85C Model Minimum Pulse Width 'clk'
Slack : -3.000
TNS   : -7.461

Type  : Slow 1200mV 85C Model Minimum Pulse Width 'cfreq[2]'
Slack : -1.487
TNS   : -16.357

Type  : Slow 1200mV 85C Model Minimum Pulse Width 'Q_reg[0]'
Slack : 0.388
TNS   : 0.000

Type  : Slow 1200mV 0C Model Setup 'Q_reg[0]'
Slack : -3.824
TNS   : -7.507

Type  : Slow 1200mV 0C Model Setup 'cfreq[2]'
Slack : -1.447
TNS   : -12.037

Type  : Slow 1200mV 0C Model Setup 'clk'
Slack : -1.071
TNS   : -1.289

Type  : Slow 1200mV 0C Model Hold 'clk'
Slack : 0.416
TNS   : 0.000

Type  : Slow 1200mV 0C Model Hold 'Q_reg[0]'
Slack : 0.552
TNS   : 0.000

Type  : Slow 1200mV 0C Model Hold 'cfreq[2]'
Slack : 0.564
TNS   : 0.000

Type  : Slow 1200mV 0C Model Minimum Pulse Width 'clk'
Slack : -3.000
TNS   : -7.461

Type  : Slow 1200mV 0C Model Minimum Pulse Width 'cfreq[2]'
Slack : -1.487
TNS   : -16.357

Type  : Slow 1200mV 0C Model Minimum Pulse Width 'Q_reg[0]'
Slack : 0.389
TNS   : 0.000

Type  : Fast 1200mV 0C Model Setup 'Q_reg[0]'
Slack : -1.199
TNS   : -2.346

Type  : Fast 1200mV 0C Model Setup 'cfreq[2]'
Slack : -0.678
TNS   : -5.248

Type  : Fast 1200mV 0C Model Setup 'clk'
Slack : -0.444
TNS   : -0.444

Type  : Fast 1200mV 0C Model Hold 'Q_reg[0]'
Slack : 0.156
TNS   : 0.000

Type  : Fast 1200mV 0C Model Hold 'clk'
Slack : 0.194
TNS   : 0.000

Type  : Fast 1200mV 0C Model Hold 'cfreq[2]'
Slack : 0.272
TNS   : 0.000

Type  : Fast 1200mV 0C Model Minimum Pulse Width 'clk'
Slack : -3.000
TNS   : -6.192

Type  : Fast 1200mV 0C Model Minimum Pulse Width 'cfreq[2]'
Slack : -1.000
TNS   : -11.000

Type  : Fast 1200mV 0C Model Minimum Pulse Width 'Q_reg[0]'
Slack : 0.313
TNS   : 0.000

------------------------------------------------------------
